['GAATAGCCGTCGAAGACTAT', 'GCATAGCCGTCGAAGACTAT', 'GAATAGCCTTCGAAGACTAT', 'GCATAGCCTTCGAAGACTAT', 'GAATAGCCGTCGGAGACTAT', 'GCATAGCCGTCGGAGACTAT', 'GAATAGCCTTCGGAGACTAT', 'GCATAGCCTTCGGAGACTAT', 'GAATAGCCGTCGAAGATTAT', 'GCATAGCCGTCGAAGATTAT', 'GAATAGCCTTCGAAGATTAT', 'GCATAGCCTTCGAAGATTAT', 'GAATAGCCGTCGGAGATTAT', 'GCATAGCCGTCGGAGATTAT', 'GAATAGCCTTCGGAGATTAT', 'GCATAGCCTTCGGAGATTAT']